[Wed Sep 02 15:44:25 UTC 2026][INFO] [Action] E MergeContainer - 54347,0
[Wed Sep 02 15:44:26 UTC 2026][INFO] [Action] E SplitContainer - 54348
[Wed Sep 02 15:44:42 UTC 2026][INFO] [Action] E DeleteContent - (r,54460,54460),B
[Wed Sep 02 15:44:46 UTC 2026][INFO] [Action] E InsertTextContent - (c,54460,1),[D]
[Wed Sep 02 15:44:48 UTC 2026][INFO] [Action] E MergeContainer - 54460,1
[Wed Sep 02 15:44:48 UTC 2026][INFO] [Action] E SplitContainer - 54460
[Wed Sep 02 15:44:51 UTC 2026][INFO] [Action] E InsertTextContent - (c,54475,2),[SPACE]
[Wed Sep 02 15:44:52 UTC 2026][INFO] [Action] E MergeContainer - 54476,0
[Wed Sep 02 15:45:56 UTC 2026][INFO] [Action] E Copy - (r,54454,54504)
[Wed Sep 02 15:47:24 UTC 2026][INFO] [Action] E Paste - (r,54460,54475),18
[Wed Sep 02 15:47:39 UTC 2026][INFO] [Action] E InsertTextContent - (c,54552,2),[SPACE]
[Wed Sep 02 15:47:39 UTC 2026][INFO] [Action] E MergeContainer - 54553,0
[Wed Sep 02 15:47:40 UTC 2026][INFO] [Action] E SplitContainer - 54554
[Wed Sep 02 15:47:43 UTC 2026][INFO] [Action] E InsertTextContent - (c,54567,2),[SPACE]
[Wed Sep 02 15:47:44 UTC 2026][INFO] [Action] E MergeContainer - 54568,0
[Wed Sep 02 15:47:58 UTC 2026][INFO] [Action] E MergeContainer - 54576,1
[Wed Sep 02 15:47:59 UTC 2026][INFO] [Action] E SplitContainer - 54576
[Wed Sep 02 15:49:47 UTC 2026][INFO] [Action] E DeleteContent - (c,54476,2),B
[Wed Sep 02 15:49:47 UTC 2026][INFO] [Action] E DeleteContent - (c,54476,1),B
[Wed Sep 02 15:49:47 UTC 2026][INFO] [Action] E DeleteContent - (c,54475,1),B
[Wed Sep 02 15:49:48 UTC 2026][INFO] [Action] E DeleteContent - (c,54474,1),B
[Wed Sep 02 15:49:52 UTC 2026][INFO] [Action] E InsertTextContent - (c,54473,1),[:]
[Wed Sep 02 15:49:53 UTC 2026][INFO] [Action] E DeleteContent - (r,54474,54474),F
[Wed Sep 02 15:50:49 UTC 2026][INFO] [Action] E InsertTextContent - (r,54322,54322),[,]
[Wed Sep 02 15:50:52 UTC 2026][INFO] [Action] E InsertTextContent - (c,54323,2),[SPACE]
[Wed Sep 02 15:51:18 UTC 2026][INFO] [Action] E InsertTextContent - (r,54322,54322),[!]
[Wed Sep 02 15:51:25 UTC 2026][INFO] [Action] E InsertTextContent - (c,54324,2),[e]
[Wed Sep 02 15:51:26 UTC 2026][INFO] [Action] E InsertTextContent - (c,54325,2),[x]
[Wed Sep 02 15:51:27 UTC 2026][INFO] [Action] E InsertTextContent - (c,54326,2),[c]
[Wed Sep 02 15:51:27 UTC 2026][INFO] [Action] E InsertTextContent - (c,54327,2),[l]
[Wed Sep 02 15:51:28 UTC 2026][INFO] [Action] E InsertTextContent - (c,54328,2),[a]
[Wed Sep 02 15:51:28 UTC 2026][INFO] [Action] E InsertTextContent - (c,54329,2),[i]
[Wed Sep 02 15:51:29 UTC 2026][INFO] [Action] E InsertTextContent - (c,54330,2),[m]
[Wed Sep 02 15:51:29 UTC 2026][INFO] [Action] E InsertTextContent - (c,54331,2),[e]
[Wed Sep 02 15:51:30 UTC 2026][INFO] [Action] E InsertTextContent - (c,54332,2),[d]
[Wed Sep 02 15:51:30 UTC 2026][INFO] [Action] E InsertTextContent - (c,54333,2),[SPACE]
[Wed Sep 02 15:51:31 UTC 2026][INFO] [Action] E InsertTextContent - (c,54334,2),[W]
[Wed Sep 02 15:51:31 UTC 2026][INFO] [Action] E InsertTextContent - (c,54335,2),[e]
[Wed Sep 02 15:51:32 UTC 2026][INFO] [Action] E InsertTextContent - (c,54336,2),[i]
[Wed Sep 02 15:51:32 UTC 2026][INFO] [Action] E InsertTextContent - (c,54337,2),[n]
[Wed Sep 02 15:51:32 UTC 2026][INFO] [Action] E InsertTextContent - (c,54338,2),[s]
[Wed Sep 02 15:51:33 UTC 2026][INFO] [Action] E InsertTextContent - (c,54339,2),[t]
[Wed Sep 02 15:51:33 UTC 2026][INFO] [Action] E InsertTextContent - (c,54340,2),[e]
[Wed Sep 02 15:51:33 UTC 2026][INFO] [Action] E InsertTextContent - (c,54341,2),[i]
[Wed Sep 02 15:51:34 UTC 2026][INFO] [Action] E InsertTextContent - (c,54342,2),[n]
[Wed Sep 02 15:51:36 UTC 2026][INFO] [Action] E InsertTextContent - (c,54343,2),[.]
[Wed Sep 02 15:52:06 UTC 2026][INFO] [Action] E InsertTextContent - (c,54278,2),[SPACE]
[Wed Sep 02 15:52:06 UTC 2026][INFO] [Action] E InsertTextContent - (c,54279,2),[a]
[Wed Sep 02 15:52:06 UTC 2026][INFO] [Action] E InsertTextContent - (c,54280,2),[s]
[Wed Sep 02 15:52:07 UTC 2026][INFO] [Action] E InsertTextContent - (c,54281,2),[k]
[Wed Sep 02 15:52:07 UTC 2026][INFO] [Action] E InsertTextContent - (c,54282,2),[e]
[Wed Sep 02 15:52:07 UTC 2026][INFO] [Action] E InsertTextContent - (c,54283,2),[d]
[Wed Sep 02 15:52:08 UTC 2026][INFO] [Action] E InsertTextContent - (c,54284,2),[SPACE]
[Wed Sep 02 15:52:08 UTC 2026][INFO] [Action] E InsertTextContent - (c,54285,2),[D]
[Wed Sep 02 15:52:09 UTC 2026][INFO] [Action] E InsertTextContent - (c,54286,2),[e]
[Wed Sep 02 15:52:09 UTC 2026][INFO] [Action] E InsertTextContent - (c,54287,2),[r]
[Wed Sep 02 15:52:09 UTC 2026][INFO] [Action] E InsertTextContent - (c,54288,2),[e]
[Wed Sep 02 15:52:10 UTC 2026][INFO] [Action] E InsertTextContent - (c,54289,2),[k]
[Wed Sep 02 15:52:11 UTC 2026][INFO] [Action] E InsertTextContent - (c,54290,2),[.]
[Wed Sep 02 15:53:33 UTC 2026][INFO] [Action] E InsertTextContent - (c,54335,1),[,]
[Wed Sep 02 15:53:34 UTC 2026][INFO] [Action] E DeleteContent - (r,54336,54336),F
[Wed Sep 02 15:53:41 UTC 2026][INFO] [Action] E InsertTextContent - (r,54337,54345),[s]
[Wed Sep 02 15:53:41 UTC 2026][INFO] [Action] E InsertTextContent - (c,54337,2),[a]
[Wed Sep 02 15:53:41 UTC 2026][INFO] [Action] E InsertTextContent - (c,54338,2),[i]
[Wed Sep 02 15:54:57 UTC 2026][INFO] [Action] E Paste - (r,54331,54351),31
[Wed Sep 02 15:55:05 UTC 2026][INFO] [Action] U Paste
[Wed Sep 02 15:55:36 UTC 2026][INFO] [Action] E Paste - (r,54331,54351),31
[Wed Sep 02 15:56:24 UTC 2026][INFO] [Action] E MergeContainer - 54673,1
[Wed Sep 02 15:56:26 UTC 2026][INFO] [Action] E SplitContainer - 54673
[Wed Sep 02 15:56:29 UTC 2026][INFO] [Action] E DeleteContent - (r,54713,54713),B
[Wed Sep 02 15:56:31 UTC 2026][INFO] [Action] E InsertTextContent - (c,54713,1),[T]
[Wed Sep 02 15:56:34 UTC 2026][INFO] [Action] E MergeContainer - 54713,1
[Wed Sep 02 15:56:35 UTC 2026][INFO] [Action] E SplitContainer - 54713
[Wed Sep 02 15:56:40 UTC 2026][INFO] [Action] E InsertTextContent - (c,54728,2),[SPACE]
[Wed Sep 02 15:56:41 UTC 2026][INFO] [Action] E MergeContainer - 54729,0
[Wed Sep 02 15:56:45 UTC 2026][INFO] [Action] E MergeContainer - 54752,1
[Wed Sep 02 15:56:46 UTC 2026][INFO] [Action] E SplitContainer - 54752
[Wed Sep 02 15:56:51 UTC 2026][INFO] [Action] E MergeContainer - 54804,1
[Wed Sep 02 15:56:52 UTC 2026][INFO] [Action] E SplitContainer - 54804
[Wed Sep 02 15:57:03 UTC 2026][INFO] [Action] E InsertTextContent - (c,54775,2),[SPACE]
[Wed Sep 02 15:57:03 UTC 2026][INFO] [Action] E MergeContainer - 54776,0
[Wed Sep 02 15:57:11 UTC 2026][INFO] [Action] E InsertTextContent - (c,54823,2),[SPACE]
[Wed Sep 02 15:57:12 UTC 2026][INFO] [Action] E MergeContainer - 54824,0
[Wed Sep 02 15:57:54 UTC 2026][INFO] [Action] E InsertTextContent - (c,55080,2),[SPACE]
[Wed Sep 02 15:57:54 UTC 2026][INFO] [Action] E MergeContainer - 55081,0
[Wed Sep 02 15:57:56 UTC 2026][INFO] [Action] E SplitContainer - 55082
[Wed Sep 02 15:57:58 UTC 2026][INFO] [Action] E InsertTextContent - (c,55106,2),[SPACE]
[Wed Sep 02 15:57:59 UTC 2026][INFO] [Action] E MergeContainer - 55107,0
[Wed Sep 02 15:58:00 UTC 2026][INFO] [Action] E SplitContainer - 55108
[Wed Sep 02 15:58:04 UTC 2026][INFO] [Action] E InsertTextContent - (c,55133,2),[SPACE]
[Wed Sep 02 15:58:05 UTC 2026][INFO] [Action] E MergeContainer - 55134,0
[Wed Sep 02 15:58:09 UTC 2026][INFO] [Action] E AddTextContainer - (c,55139,2),0,0,0
[Wed Sep 02 15:58:10 UTC 2026][INFO] [Action] E MergeContainer - 55140,1
[Wed Sep 02 15:58:18 UTC 2026][INFO] [Action] E MergeContainer - 55139,0
[Wed Sep 02 15:58:19 UTC 2026][INFO] [Action] E SplitContainer - 55140
[Wed Sep 02 15:58:28 UTC 2026][INFO] [Action] E MergeContainer - 55153,1
[Wed Sep 02 15:58:29 UTC 2026][INFO] [Action] E InsertTextContent - (c,55152,2),[SPACE]
[Wed Sep 02 15:58:37 UTC 2026][INFO] [Action] E DeleteContent - (r,55190,55190),B
[Wed Sep 02 15:58:41 UTC 2026][INFO] [Action] U DeleteContent
[Wed Sep 02 15:58:46 UTC 2026][INFO] [Action] E MergeContainer - 55190,1
[Wed Sep 02 15:58:47 UTC 2026][INFO] [Action] E SplitContainer - 55190
[Wed Sep 02 15:58:51 UTC 2026][INFO] [Action] E InsertTextContent - (c,55202,2),[SPACE]
[Wed Sep 02 15:58:51 UTC 2026][INFO] [Action] E MergeContainer - 55203,0
[Wed Sep 02 15:59:06 UTC 2026][INFO] [Action] E MergeContainer - 55221,1
[Wed Sep 02 15:59:07 UTC 2026][INFO] [Action] E SplitContainer - 55221
[Wed Sep 02 16:00:20 UTC 2026][INFO] [Action] E InsertTextContent - (c,55211,1),[A]
[Wed Sep 02 16:00:21 UTC 2026][INFO] [Action] E InsertTextContent - (c,55211,2),[n]
[Wed Sep 02 16:00:22 UTC 2026][INFO] [Action] E InsertTextContent - (c,55212,2),[o]
[Wed Sep 02 16:00:22 UTC 2026][INFO] [Action] E InsertTextContent - (c,55213,2),[t]
[Wed Sep 02 16:00:22 UTC 2026][INFO] [Action] E InsertTextContent - (c,55214,2),[h]
[Wed Sep 02 16:00:23 UTC 2026][INFO] [Action] E InsertTextContent - (c,55215,2),[e]
[Wed Sep 02 16:00:23 UTC 2026][INFO] [Action] E InsertTextContent - (c,55216,2),[r]
[Wed Sep 02 16:00:23 UTC 2026][INFO] [Action] E InsertTextContent - (c,55217,2),[SPACE]
[Wed Sep 02 16:00:24 UTC 2026][INFO] [Action] E InsertTextContent - (c,55218,2),[v]
[Wed Sep 02 16:00:25 UTC 2026][INFO] [Action] E InsertTextContent - (c,55219,2),[o]
[Wed Sep 02 16:00:25 UTC 2026][INFO] [Action] E InsertTextContent - (c,55220,2),[i]
[Wed Sep 02 16:00:26 UTC 2026][INFO] [Action] E InsertTextContent - (c,55221,2),[c]
[Wed Sep 02 16:00:26 UTC 2026][INFO] [Action] E InsertTextContent - (c,55222,2),[e]
[Wed Sep 02 16:00:46 UTC 2026][INFO] [Action] E InsertTextContent - (c,55223,2),[:]
[Wed Sep 02 16:00:47 UTC 2026][INFO] [Action] E InsertTextContent - (c,55224,2),[SPACE]
[Wed Sep 02 16:01:06 UTC 2026][INFO] [Action] E Cut - (r,55211,55225)
[Wed Sep 02 16:01:12 UTC 2026][INFO] [Action] E AddTextContainer - (c,55242,2),0,0,0
[Wed Sep 02 16:01:13 UTC 2026][INFO] [Action] E MergeContainer - 55243,0
[Wed Sep 02 16:01:15 UTC 2026][INFO] [Action] E Paste - (c,55243,1),15
[Wed Sep 02 16:01:18 UTC 2026][INFO] [Action] E SplitContainer - 55273
[Wed Sep 02 16:01:25 UTC 2026][INFO] [Action] E SplitContainer - 55314
[Wed Sep 02 16:02:28 UTC 2026][INFO] [Action] E Paste - (c,54856,1),16
[Wed Sep 02 16:02:30 UTC 2026][INFO] [Action] E InsertTextContent - (c,54871,2),[SPACE]
[Wed Sep 02 16:02:36 UTC 2026][INFO] [Action] E DeleteContent - (c,54872,2),B
[Wed Sep 02 16:02:37 UTC 2026][INFO] [Action] E InsertTextContent - (c,54872,1),[SPACE]
[Wed Sep 02 16:03:04 UTC 2026][INFO] [Action] E Paste - (c,55039,1),22
[Wed Sep 02 16:03:05 UTC 2026][INFO] [Action] E InsertTextContent - (c,55060,2),[SPACE]
[Wed Sep 02 16:03:44 UTC 2026][INFO] [Action] E InsertTextContent - (c,55172,2),[SPACE]
[Wed Sep 02 16:03:45 UTC 2026][INFO] [Action] E InsertTextContent - (c,55173,2),[i]
[Wed Sep 02 16:03:45 UTC 2026][INFO] [Action] E InsertTextContent - (c,55174,2),[t]
[Wed Sep 02 16:04:18 UTC 2026][INFO] [Action] E Paste - (r,55148,55182),47
[Wed Sep 02 16:05:07 UTC 2026][INFO] [Action] E InsertTextContent - (r,55308,55309),[SPACE]
[Wed Sep 02 16:05:08 UTC 2026][INFO] [Action] E InsertTextContent - (c,55308,2),[s]
[Wed Sep 02 16:05:08 UTC 2026][INFO] [Action] E InsertTextContent - (c,55309,2),[a]
[Wed Sep 02 16:05:08 UTC 2026][INFO] [Action] E InsertTextContent - (c,55310,2),[i]
[Wed Sep 02 16:05:09 UTC 2026][INFO] [Action] E InsertTextContent - (c,55311,2),[,]
[Wed Sep 02 16:05:16 UTC 2026][INFO] [Action] E InsertTextContent - (c,55311,2),[d]
[Wed Sep 02 16:05:52 UTC 2026][INFO] [Action] E Paste - (r,55309,55312),8
[Wed Sep 02 16:05:57 UTC 2026][INFO] [Action] E InsertTextContent - (c,55317,2),[SPACE]
[Wed Sep 02 16:06:21 UTC 2026][INFO] [Action] E Copy - (r,55375,55444)
[Wed Sep 02 16:07:00 UTC 2026][INFO] [Action] E DeleteContent - (c,55391,2),B
[Wed Sep 02 16:07:00 UTC 2026][INFO] [Action] E InsertTextContent - (c,55391,1),[,]
[Wed Sep 02 16:11:50 UTC 2026][INFO] [Action] E DeleteContent - (r,55877,55877),B
[Wed Sep 02 16:11:53 UTC 2026][INFO] [Action] E InsertTextContent - (c,55876,2),[,]
[Wed Sep 02 16:11:53 UTC 2026][INFO] [Action] E InsertTextContent - (c,55877,2),[SPACE]
[Wed Sep 02 16:11:55 UTC 2026][INFO] [Action] E MergeContainer - 55878,0
[Wed Sep 02 16:12:11 UTC 2026][INFO] [Action] E MergeContainer - 55697,1
[Wed Sep 02 16:12:14 UTC 2026][INFO] [Action] E SplitContainer - 55697
[Wed Sep 02 16:12:17 UTC 2026][INFO] [Action] E InsertTextContent - (c,55718,2),[SPACE]
[Wed Sep 02 16:12:17 UTC 2026][INFO] [Action] E MergeContainer - 55719,0
[Wed Sep 02 16:12:50 UTC 2026][INFO] [Action] E SaveBook - Save
[Wed Sep 02 16:13:05 UTC 2026][INFO] [Action] E SaveBook - SaveforExport
[Wed Sep 02 16:16:11 UTC 2026][INFO] [Action] EE ExportAction
[Wed Sep 02 16:19:54 UTC 2026][INFO] [Action] E SaveBook - SaveforExport
[Wed Sep 02 16:21:12 UTC 2026][INFO] [Action] EE ExportAction
[Wed Sep 02 16:59:16 UTC 2026][INFO] [Action] E SaveBook - Save
[Wed Sep 02 16:59:22 UTC 2026][INFO] Logger Terminated
